[html.themexriver.com/choicy/index.html]
[backblue.gif]
[fade.gif]
[index.html]
[html.themexriver.com/choicy/assets/img/favicon.png]
[html.themexriver.com/choicy/assets/css/bootstrap.min.css]
[html.themexriver.com/choicy/assets/css/nice-select.css]
[html.themexriver.com/choicy/assets/css/all.min.css]
[html.themexriver.com/choicy/assets/css/flaticon_choicy.css]
[html.themexriver.com/choicy/assets/css/animate.css]
[html.themexriver.com/choicy/assets/css/odometer.min.css]
[html.themexriver.com/choicy/assets/css/magnific-popup.css]
[html.themexriver.com/choicy/assets/css/swiper.min.css]
[html.themexriver.com/choicy/assets/css/main.css]
[html.themexriver.com/choicy/!]
[html.themexriver.com/choicy/home-2.html]
[html.themexriver.com/choicy/home-3.html]
[html.themexriver.com/choicy/home-4.html]
[html.themexriver.com/choicy/services-1.html]
[html.themexriver.com/choicy/services-2.html]
[html.themexriver.com/choicy/services-details.html]
[html.themexriver.com/choicy/about-1.html]
[html.themexriver.com/choicy/about-2.html]
[html.themexriver.com/choicy/about-3.html]
[html.themexriver.com/choicy/team-1.html]
[html.themexriver.com/choicy/team-2.html]
[html.themexriver.com/choicy/team-details.html]
[html.themexriver.com/choicy/projects-1.html]
[html.themexriver.com/choicy/projects-2.html]
[html.themexriver.com/choicy/projects-details.html]
[html.themexriver.com/choicy/blog-1.html]
[html.themexriver.com/choicy/blog-2.html]
[html.themexriver.com/choicy/blog-details.html]
[html.themexriver.com/choicy/career.html]
[html.themexriver.com/choicy/career-details.html]
[html.themexriver.com/choicy/job-apply.html]
[html.themexriver.com/choicy/faqs.html]
[html.themexriver.com/choicy/testimonial.html]
[html.themexriver.com/choicy/our-clients.html]
[html.themexriver.com/choicy/pricing.html]
[html.themexriver.com/choicy/process.html]
[html.themexriver.com/choicy/contact.html]
[html.themexriver.com/choicy/assets/img/logo/logo-black.png]
[html.themexriver.com/choicy/assets/img/logo/Logo-white.png]
[html.themexriver.com/choicy/assets/img/project/p1-img-1.png]
[html.themexriver.com/choicy/assets/img/project/p1-img-2.png]
[html.themexriver.com/choicy/assets/img/project/p1-img-3.png]
[html.themexriver.com/choicy/assets/img/project/p1-img-4.png]
[html.themexriver.com/choicy/assets/img/project/p3-img-3.png]
[html.themexriver.com/choicy/assets/img/project/p3-img-2.png]
[html.themexriver.com/choicy/assets/img/hero/h1-bg-img-1.png]
[html.themexriver.com/choicy/assets/img/hero/h1-il-4.png]
[html.themexriver.com/choicy/assets/img/hero/h1-img-1.png]
[html.themexriver.com/choicy/assets/img/hero/h1-il-1.png]
[html.themexriver.com/choicy/assets/img/hero/h1-il-2.png]
[html.themexriver.com/choicy/assets/img/hero/h1-il-3.png]
[html.themexriver.com/choicy/assets/img/hero/h1-il-5.png]
[html.themexriver.com/choicy/assets/img/bg/body-bg-1.png]
[html.themexriver.com/choicy/assets/img/trusted/t1-world-1.png]
[html.themexriver.com/choicy/assets/img/trusted/t1-world-2.png]
[html.themexriver.com/choicy/assets/img/trusted/t1-world-3.png]
[html.themexriver.com/choicy/assets/img/trusted/t1-world-4.png]
[html.themexriver.com/choicy/assets/img/trusted/t1-video-img-1.png]
[html.themexriver.com/choicy/assets/img/services/s1-icon-1.png]
[html.themexriver.com/choicy/assets/img/services/s1-icon-2.png]
[html.themexriver.com/choicy/assets/img/services/s1-icon-3.png]
[html.themexriver.com/choicy/assets/img/solutions/s1-img-2.png]
[html.themexriver.com/choicy/assets/img/solutions/s1-img-3.png]
[html.themexriver.com/choicy/assets/img/solutions/s1-img-1png.png]
[html.themexriver.com/choicy/assets/img/research/r1-bg-img-1.png]
[html.themexriver.com/choicy/assets/img/research/r1-img-1.png]
[html.themexriver.com/choicy/assets/img/research/r1-icon-1.png]
[html.themexriver.com/choicy/assets/img/research/r1-img-2.png]
[html.themexriver.com/choicy/assets/img/research/r1-icon-2.png]
[html.themexriver.com/choicy/assets/img/research/r1-img-3.png]
[html.themexriver.com/choicy/assets/img/research/r1-icon-3.png]
[html.themexriver.com/choicy/assets/img/research/r1-img-4.png]
[html.themexriver.com/choicy/assets/img/research/r1-icon-4.png]
[html.themexriver.com/choicy/assets/img/price/p1-bg-img-1.png]
[html.themexriver.com/choicy/assets/img/price/p1-img-1.png]
[html.themexriver.com/choicy/assets/img/price/p1-img-2.png]
[html.themexriver.com/choicy/assets/img/price/p1-il-1.png]
[html.themexriver.com/choicy/assets/img/price/p1-img-3.png]
[html.themexriver.com/choicy/assets/img/project/p1-bg-img-1.png]
[html.themexriver.com/choicy/assets/img/bg/body-bg-2.png]
[html.themexriver.com/choicy/assets/img/price/pc-1-icon-1.png]
[html.themexriver.com/choicy/assets/img/price/p1-il-2.png]
[html.themexriver.com/choicy/assets/img/price/pc-1-icon-2.png]
[html.themexriver.com/choicy/assets/img/price/pc-1-icon-3.png]
[html.themexriver.com/choicy/assets/img/team/t1-facebook.png]
[html.themexriver.com/choicy/assets/img/team/t1-instragram.png]
[html.themexriver.com/choicy/assets/img/team/t1-img-1.png]
[html.themexriver.com/choicy/assets/img/team/t1-il-text-1.png]
[html.themexriver.com/choicy/assets/img/team/t1-img-2.png]
[html.themexriver.com/choicy/assets/img/team/t1-il-text-2.png]
[html.themexriver.com/choicy/assets/img/team/t1-slider-img-1.png]
[html.themexriver.com/choicy/assets/img/client/logo-1.png]
[html.themexriver.com/choicy/assets/img/client/logo-2.png]
[html.themexriver.com/choicy/assets/img/client/logo-3.png]
[html.themexriver.com/choicy/assets/img/client/logo-4.png]
[html.themexriver.com/choicy/assets/img/client/logo-5.png]
[html.themexriver.com/choicy/assets/img/client/logo-6.png]
[html.themexriver.com/choicy/assets/img/video/plybtn-text.png]
[html.themexriver.com/choicy/assets/img/video/v1-img-1.png]
[html.themexriver.com/choicy/assets/img/cta/c1-img-1.png]
[html.themexriver.com/choicy/assets/img/blog/b1-bg-1.png]
[html.themexriver.com/choicy/assets/img/blog/b1-img-1.png]
[html.themexriver.com/choicy/assets/img/blog/b1-author-1.png]
[html.themexriver.com/choicy/assets/img/blog/b1-img-2.png]
[html.themexriver.com/choicy/assets/img/blog/b1-img-3.png]
[html.themexriver.com/choicy/assets/img/logo/logo-white.png]
[html.themexriver.com/choicy/assets/js/jquery-3.7.1.min.js]
[html.themexriver.com/choicy/assets/js/bootstrap.bundle.min.js]
[html.themexriver.com/choicy/assets/js/swiper-bundle.min.js]
[html.themexriver.com/choicy/assets/js/wow.js]
[html.themexriver.com/choicy/assets/js/marquee.min.js]
[html.themexriver.com/choicy/assets/js/nice-select.min.js]
[html.themexriver.com/choicy/assets/js/knob.min.js]
[html.themexriver.com/choicy/assets/js/SplitText.min.js]
[html.themexriver.com/choicy/assets/js/gsap.min.js]
[html.themexriver.com/choicy/assets/js/tilt.jquery.min.js]
[html.themexriver.com/choicy/assets/js/waypoints.min.js]
[html.themexriver.com/choicy/assets/js/counterup.min.js]
[html.themexriver.com/choicy/assets/js/split-type.min.js]
[html.themexriver.com/choicy/assets/js/ScrollTrigger.min.js]
[html.themexriver.com/choicy/assets/js/odometer.min.js]
[html.themexriver.com/choicy/assets/js/magnific-popup.min.js]
[html.themexriver.com/choicy/assets/js/appear.min.js]
[html.themexriver.com/choicy/assets/js/main.js]
[html.themexriver.com/choicy/index.html]
[html.themexriver.com/choicy/assets/css/bootstrap.min.css]
[html.themexriver.com/choicy/assets/fonts/fa-brands-400.woff2]
[html.themexriver.com/choicy/assets/fonts/fa-brands-400.ttf]
[html.themexriver.com/choicy/assets/fonts/fa-duotone-900.woff2]
[html.themexriver.com/choicy/assets/fonts/fa-duotone-900.ttf]
[html.themexriver.com/choicy/assets/fonts/fa-light-300.woff2]
[html.themexriver.com/choicy/assets/fonts/fa-regular-400.woff2]
[html.themexriver.com/choicy/assets/fonts/fa-light-300.ttf]
[html.themexriver.com/choicy/assets/fonts/fa-solid-900.woff2]
[html.themexriver.com/choicy/assets/fonts/fa-solid-900.ttf]
[html.themexriver.com/choicy/assets/fonts/fa-thin-100.woff2]
[html.themexriver.com/choicy/assets/fonts/fa-regular-400.ttf]
[html.themexriver.com/choicy/assets/fonts/fa-v4compatibility.woff2]
[html.themexriver.com/choicy/assets/fonts/fa-v4compatibility.ttf]
[html.themexriver.com/choicy/assets/css/all.min.css]
[html.themexriver.com/choicy/assets/css/nice-select.css]
[html.themexriver.com/choicy/assets/fonts/fa-thin-100.ttf]
[html.themexriver.com/choicy/assets/fonts/flaticon_choicyc339.ttf]
[html.themexriver.com/choicy/assets/fonts/flaticon_choicyc339.woff]
[html.themexriver.com/choicy/assets/fonts/flaticon_choicyc339.woff2]
[html.themexriver.com/choicy/assets/fonts/flaticon_choicyc339.eot]
[html.themexriver.com/choicy/assets/css/flaticon_choicy.css]
[html.themexriver.com/choicy/assets/css/animate.css]
[html.themexriver.com/choicy/assets/css/odometer.min.css]
[html.themexriver.com/choicy/assets/css/magnific-popup.css]
[html.themexriver.com/choicy/assets/css/swiper.min.css]
[html.themexriver.com/choicy/assets/css/main.css]
[html.themexriver.com/choicy/!.html]
[html.themexriver.com/choicy/assets/fonts/flaticon_choicyc339.svg]
[html.themexriver.com/choicy/assets/img/logo/logo-color.png]
[html.themexriver.com/choicy/services-3.html]
[html.themexriver.com/choicy/assets/img/hero/h2-bg-img-1.png]
[html.themexriver.com/choicy/assets/img/hero/h2-img-1.png]
[html.themexriver.com/choicy/assets/img/hero/h2-il-frame.png]
[html.themexriver.com/choicy/assets/img/hero/h2-il-1.png]
[html.themexriver.com/choicy/assets/img/hero/h2-il-2.png]
[html.themexriver.com/choicy/assets/img/hero/h2-il-3.png]
[html.themexriver.com/choicy/assets/img/trusted/t2-group-img-1.png]
[html.themexriver.com/choicy/assets/img/about/a1-img-1.png]
[html.themexriver.com/choicy/assets/img/about/a1-il-1.png]
[html.themexriver.com/choicy/assets/img/about/a1-il-2.png]
[html.themexriver.com/choicy/assets/img/about/a1-il-3.png]
[html.themexriver.com/choicy/assets/img/about/a1-logo-1.png]
[html.themexriver.com/choicy/assets/img/about/a1-logo-2.png]
[html.themexriver.com/choicy/assets/img/about/a1-logo-3.png]
[html.themexriver.com/choicy/assets/img/about/a1-logo-4.png]
[html.themexriver.com/choicy/assets/img/icon/subtitle-icon.png]
[html.themexriver.com/choicy/assets/img/portfolio/p2-img-1.png]
[html.themexriver.com/choicy/assets/img/portfolio/p2-img-2.png]
[html.themexriver.com/choicy/assets/img/portfolio/p2-img-3.png]
[html.themexriver.com/choicy/assets/img/portfolio/p2-img-4.png]
[html.themexriver.com/choicy/assets/img/services/s2-star-icon.png]
[html.themexriver.com/choicy/assets/img/services/s2-img-arrow.png]
[html.themexriver.com/choicy/assets/img/solutions/s2-bg-img-1.png]
[html.themexriver.com/choicy/assets/img/solutions/s2-check-icon.png]
[html.themexriver.com/choicy/assets/img/solutions/s2-mobile-hand.png]
[html.themexriver.com/choicy/assets/img/solutions/s2-all-icon.png]
[html.themexriver.com/choicy/assets/img/price/p2-img-1.png]
[html.themexriver.com/choicy/assets/img/price/p2-img-2.png]
[html.themexriver.com/choicy/assets/img/price/p2-img-3.png]
[html.themexriver.com/choicy/assets/img/price/p2-img-4.png]
[html.themexriver.com/choicy/assets/img/price/p2-img-5.png]
[html.themexriver.com/choicy/assets/img/testimonial/t2-bg-img-1.png]
[html.themexriver.com/choicy/assets/img/testimonial/t2-logo-1.png]
[html.themexriver.com/choicy/assets/img/testimonial/t2-logo-2.png]
[html.themexriver.com/choicy/assets/img/testimonial/t2-logo-3.png]
[html.themexriver.com/choicy/assets/img/testimonial/t2-logo-4.png]
[html.themexriver.com/choicy/assets/img/testimonial/t2-logo-5.png]
[html.themexriver.com/choicy/assets/img/research/r2-img-1.png]
[html.themexriver.com/choicy/assets/img/research/r2-img-icon.png]
[html.themexriver.com/choicy/assets/img/blog/b2-img-1.png]
[html.themexriver.com/choicy/assets/img/blog/b2-img-2.png]
[html.themexriver.com/choicy/assets/img/blog/b2-img-3.png]
[html.themexriver.com/choicy/assets/img/footer/f2-icon-1.png]
[html.themexriver.com/choicy/assets/img/footer/f2-team-1.png]
[html.themexriver.com/choicy/assets/img/footer/f2-team-2.png]
[html.themexriver.com/choicy/assets/img/footer/f2-team-3.png]
[html.themexriver.com/choicy/assets/img/footer/f2-team-4.png]
[html.themexriver.com/choicy/home-2.html]
[html.themexriver.com/choicy/assets/img/logo/logo-color-2.png]
[html.themexriver.com/choicy/assets/img/hero/h3-img-1.png]
[html.themexriver.com/choicy/assets/img/hero/h3-il-1.png]
[html.themexriver.com/choicy/assets/img/hero/h3-il-2.png]
[html.themexriver.com/choicy/assets/img/hero/h3-img-2.png]
[html.themexriver.com/choicy/assets/img/client/c3-img-1.png]
[html.themexriver.com/choicy/assets/img/client/c3-img-2.png]
[html.themexriver.com/choicy/assets/img/client/c3-img-3.png]
[html.themexriver.com/choicy/assets/img/client/c3-img-4.png]
[html.themexriver.com/choicy/assets/img/client/c3-img-5.png]
[html.themexriver.com/choicy/assets/img/services/s3-sm-img.png]
[html.themexriver.com/choicy/assets/img/services/s3-icon-1.png]
[html.themexriver.com/choicy/assets/img/services/s3-icon-2.png]
[html.themexriver.com/choicy/assets/img/services/s3-icon-3.png]
[html.themexriver.com/choicy/assets/img/services/s3-icon-4.png]
[html.themexriver.com/choicy/assets/img/services/s3-icon-5.png]
[html.themexriver.com/choicy/assets/img/services/s3-icon-6.png]
[html.themexriver.com/choicy/assets/img/research/r3-bg-img-1.png]
[html.themexriver.com/choicy/assets/img/research/r3-img-1.png]
[html.themexriver.com/choicy/assets/img/research/r3-img-2.png]
[html.themexriver.com/choicy/assets/img/testimonial/t3-img-1.png]
[html.themexriver.com/choicy/assets/img/trusted/t3-bg-img-1.png]
[html.themexriver.com/choicy/assets/img/solutions/s3-img-1.png]
[html.themexriver.com/choicy/assets/img/solutions/s3-img-2.png]
[html.themexriver.com/choicy/assets/img/price/p3-bg-img-1.png]
[html.themexriver.com/choicy/assets/img/services/s4-img-1.png]
[html.themexriver.com/choicy/assets/img/services/s4-img-2.png]
[html.themexriver.com/choicy/assets/img/services/s4-img-3.png]
[html.themexriver.com/choicy/assets/img/testimonial/t3-qoute.png]
[html.themexriver.com/choicy/assets/img/testimonial/t3-person-1.png]
[html.themexriver.com/choicy/assets/img/testimonial/t3-person-2.png]
[html.themexriver.com/choicy/assets/img/blog/b3-img-1.png]
[html.themexriver.com/choicy/assets/img/blog/b3-img-2.png]
[html.themexriver.com/choicy/assets/img/blog/b3-img-3.png]
[html.themexriver.com/choicy/assets/img/logo/logo-3.png]
[html.themexriver.com/choicy/home-3.html]
[html.themexriver.com/choicy/assets/img/hero/h4-bg-1.png]
[html.themexriver.com/choicy/assets/img/hero/h4-img-1.png]
[html.themexriver.com/choicy/assets/img/hero/h4-il-1.png]
[html.themexriver.com/choicy/assets/img/hero/h4-il-2.png]
[html.themexriver.com/choicy/assets/img/hero/h4-il-3.png]
[html.themexriver.com/choicy/assets/img/client/bl-4-il-img-1.png]
[html.themexriver.com/choicy/assets/img/client/bl-4-logo-1.png]
[html.themexriver.com/choicy/assets/img/client/bl-4-logo-2.png]
[html.themexriver.com/choicy/assets/img/client/bl-4-logo-3.png]
[html.themexriver.com/choicy/assets/img/client/bl-4-logo-4.png]
[html.themexriver.com/choicy/assets/img/client/bl-4-logo-5.png]
[html.themexriver.com/choicy/assets/img/client/bl-4-logo-6.png]
[html.themexriver.com/choicy/assets/img/about/a4-img-1.png]
[html.themexriver.com/choicy/services-details]
[html.themexriver.com/choicy/assets/img/team/t2-img-1.png]
[html.themexriver.com/choicy/assets/img/team/t2-img-2.png]
[html.themexriver.com/choicy/assets/img/team/t2-img-3.png]
[html.themexriver.com/choicy/assets/img/project/p4-bg-img-1.jpg]
[html.themexriver.com/choicy/assets/img/solutions/s4-img-1.jpg]
[html.themexriver.com/choicy/assets/img/solutions/s4-il-img-1.png]
[html.themexriver.com/choicy/assets/img/icon/marquee-4-icon.png]
[html.themexriver.com/choicy/assets/img/testimonial/t4-img-1.jpg]
[html.themexriver.com/choicy/assets/img/testimonial/t4-img-2.jpg]
[html.themexriver.com/choicy/assets/img/testimonial/t4-img-3.jpg]
[html.themexriver.com/choicy/assets/img/testimonial/t4-img-4.jpg]
[html.themexriver.com/choicy/assets/img/testimonial/t4-img-5.jpg]
[html.themexriver.com/choicy/assets/img/testimonial/t4-img-6.jpg]
[html.themexriver.com/choicy/assets/img/icon/marquee-4-icon-2.png]
[html.themexriver.com/choicy/assets/img/testimonial/t5-img-bg.png]
[html.themexriver.com/choicy/assets/img/testimonial/t4-img-1.png]
[html.themexriver.com/choicy/assets/img/testimonial/t4-img-2.png]
[html.themexriver.com/choicy/assets/img/testimonial/t4-img-3.png]
[html.themexriver.com/choicy/assets/img/blog/b4-img-1.jpg]
[html.themexriver.com/choicy/assets/img/blog/b4-img-2.jpg]
[html.themexriver.com/choicy/assets/img/blog/b4-img-3.jpg]
[html.themexriver.com/choicy/assets/img/footer/f4-bg-1.png]
[html.themexriver.com/choicy/assets/img/footer/f4-il-1.png]
[html.themexriver.com/choicy/home-4.html]
[html.themexriver.com/choicy/assets/img/breadcrumb/breadcrumb-img-1.jpg]
[html.themexriver.com/choicy/assets/img/services/s1-icon-4.png]
[html.themexriver.com/choicy/assets/img/services/s1-icon-5.png]
[html.themexriver.com/choicy/assets/img/services/s1-icon-6.png]
[html.themexriver.com/choicy/services-1.html]
[html.themexriver.com/choicy/services-2.html]
[html.themexriver.com/choicy/assets/img/services/sd-img-1.jpg]
[html.themexriver.com/choicy/services-details.html]
[html.themexriver.com/choicy/about-1.html]
[html.themexriver.com/choicy/about-2.html]
[html.themexriver.com/choicy/about-3.html]
[html.themexriver.com/choicy/team-1.html]
[html.themexriver.com/choicy/assets/img/team/t2-img-4.png]
[html.themexriver.com/choicy/assets/img/team/t2-img-5.png]
[html.themexriver.com/choicy/assets/img/team/t2-img-6.png]
[html.themexriver.com/choicy/team-2.html]
[html.themexriver.com/choicy/assets/img/team/td-img-1.jpg]
[html.themexriver.com/choicy/team-details.html]
[html.themexriver.com/choicy/assets/img/bg/body-bg-3.png]
[html.themexriver.com/choicy/assets/img/project/pp-img-1.jpg]
[html.themexriver.com/choicy/assets/img/project/pp-img-2.jpg]
[html.themexriver.com/choicy/assets/img/project/pp-img-3.jpg]
[html.themexriver.com/choicy/assets/img/project/pp-img-4.jpg]
[html.themexriver.com/choicy/assets/img/project/pp-img-5.jpg]
[html.themexriver.com/choicy/projects-1.html]
[html.themexriver.com/choicy/assets/img/project/pp-img-6.jpg]
[html.themexriver.com/choicy/assets/img/project/pp-img-7.jpg]
[html.themexriver.com/choicy/assets/img/project/pp-img-8.jpg]
[html.themexriver.com/choicy/projects-2.html]
[html.themexriver.com/choicy/assets/img/project/pd-img-1.jpg]
[html.themexriver.com/choicy/assets/img/project/pd-img-2.jpg]
[html.themexriver.com/choicy/assets/img/project/pd-img-3.jpg]
[html.themexriver.com/choicy/projects-details.html]
[html.themexriver.com/choicy/assets/img/blog/bp-img-1.jpg]
[html.themexriver.com/choicy/assets/img/blog/bp-img-2.jpg]
[html.themexriver.com/choicy/assets/img/blog/bp-img-3.jpg]
[html.themexriver.com/choicy/assets/img/blog/bp-img-4.jpg]
[html.themexriver.com/choicy/assets/img/blog/recent-post-img-1.jpg]
[html.themexriver.com/choicy/assets/img/blog/recent-post-img-2.jpg]
[html.themexriver.com/choicy/assets/img/blog/recent-post-img-3.jpg]
[html.themexriver.com/choicy/assets/img/blog/recent-post-img-4.jpg]
[html.themexriver.com/choicy/blog-1.html]
[html.themexriver.com/choicy/assets/img/blog/b1-author-6.png]
[html.themexriver.com/choicy/assets/img/blog/b1-author-5.png]
[html.themexriver.com/choicy/assets/img/blog/b1-author-4.png]
[html.themexriver.com/choicy/assets/img/blog/b1-img-4.jpg]
[html.themexriver.com/choicy/assets/img/blog/b1-author-3.png]
[html.themexriver.com/choicy/assets/img/blog/b1-img-5.jpg]
[html.themexriver.com/choicy/assets/img/blog/b1-author-2.png]
[html.themexriver.com/choicy/assets/img/blog/b1-img-6.jpg]
[html.themexriver.com/choicy/assets/img/blog/b1-author-7.png]
[html.themexriver.com/choicy/assets/img/blog/b1-img-7.jpg]
[html.themexriver.com/choicy/assets/img/blog/b1-author-8.png]
[html.themexriver.com/choicy/assets/img/blog/b1-img-8.jpg]
[html.themexriver.com/choicy/assets/img/blog/b1-author-9.png]
[html.themexriver.com/choicy/blog-2.html]
[html.themexriver.com/choicy/assets/img/blog/bd-img-1.jpg]
[html.themexriver.com/choicy/assets/img/blog/inner-img-1.jpg]
[html.themexriver.com/choicy/assets/img/blog/comment-author-1.jpg]
[html.themexriver.com/choicy/assets/img/blog/comment-author-2.jpg]
[html.themexriver.com/choicy/assets/img/blog/comment-author-3.jpg]
[html.themexriver.com/choicy/assets/img/blog/comment-author-4.jpg]
[html.themexriver.com/choicy/blog-details.html]
[html.themexriver.com/choicy/assets/img/icon/career-icon.png]
[html.themexriver.com/choicy/career.html]
[html.themexriver.com/choicy/assets/img/process/career-details-img-1.jpg]
[html.themexriver.com/choicy/career-details.html]
[html.themexriver.com/choicy/job-apply.html]
[html.themexriver.com/choicy/faqs.html]
[html.themexriver.com/choicy/assets/img/testimonial/tp-img-1.png]
[html.themexriver.com/choicy/assets/img/testimonial/tp-img-2.png]
[html.themexriver.com/choicy/assets/img/testimonial/tp-img-3.png]
[html.themexriver.com/choicy/assets/img/testimonial/tp-img-4.png]
[html.themexriver.com/choicy/assets/img/testimonial/tp-img-5.png]
[html.themexriver.com/choicy/assets/img/testimonial/tp-img-6.png]
[html.themexriver.com/choicy/assets/js/four]
[html.themexriver.com/choicy/testimonial.html]
[html.themexriver.com/choicy/assets/img/client/cp-logo-1.png]
[html.themexriver.com/choicy/assets/img/client/cp-logo-2.png]
[html.themexriver.com/choicy/assets/img/client/cp-logo-3.png]
[html.themexriver.com/choicy/assets/img/client/cp-logo-4.png]
[html.themexriver.com/choicy/assets/img/client/cp-logo-5.png]
[html.themexriver.com/choicy/assets/img/client/cp-logo-6.png]
[html.themexriver.com/choicy/assets/img/client/cp-logo-7.png]
[html.themexriver.com/choicy/assets/img/client/cp-logo-8.png]
[html.themexriver.com/choicy/assets/img/client/cp-logo-9.png]
[html.themexriver.com/choicy/assets/img/client/cp-logo-10.png]
[html.themexriver.com/choicy/assets/img/client/cp-logo-11.png]
[html.themexriver.com/choicy/assets/img/client/cp-logo-12.png]
[html.themexriver.com/choicy/assets/img/client/cp-logo-13.png]
[html.themexriver.com/choicy/assets/img/client/cp-logo-14.png]
[html.themexriver.com/choicy/assets/img/client/cp-logo-15.png]
[html.themexriver.com/choicy/assets/img/client/cp-logo-16.png]
[html.themexriver.com/choicy/assets/img/client/cp-logo-17.png]
[html.themexriver.com/choicy/assets/img/client/cp-logo-18.png]
[html.themexriver.com/choicy/assets/img/client/cp-logo-19.png]
[html.themexriver.com/choicy/assets/img/client/cp-logo-20.png]
[html.themexriver.com/choicy/our-clients.html]
[html.themexriver.com/choicy/pricing.html]
[html.themexriver.com/choicy/assets/img/process/process-img-1.jpg]
[html.themexriver.com/choicy/assets/img/process/process-img-2.jpg]
[html.themexriver.com/choicy/assets/img/process/process-img-3.jpg]
[html.themexriver.com/choicy/assets/img/process/process-img-4.jpg]
[html.themexriver.com/choicy/process.html]
[html.themexriver.com/choicy/contact.html]
[html.themexriver.com/choicy/assets/img/logo/Logo-white.html]
[html.themexriver.com/choicy/assets/js/jquery-3.7.1.min.js]
[html.themexriver.com/choicy/assets/js/bootstrap.bundle.min.js]
[html.themexriver.com/choicy/Version/index.html]
[html.themexriver.com/choicy/e]
[html.themexriver.com/choicy/t.params.url]
[html.themexriver.com/choicy/assets/js/swiper-bundle.min.js]
[html.themexriver.com/choicy/assets/js/wow.js]
[html.themexriver.com/choicy/assets/js/marquee.min.js]
[html.themexriver.com/choicy/assets/js/nice-select.min.js]
[html.themexriver.com/choicy/assets/js/knob.min.js]
[html.themexriver.com/choicy/assets/js/SplitText.min.js]
[html.themexriver.com/choicy/assets/js/gsap.min.js]
[html.themexriver.com/choicy/assets/js/tilt.jquery.min.js]
[html.themexriver.com/choicy/assets/js/waypoints.min.js]
[html.themexriver.com/choicy/assets/js/counterup.min.js]
[html.themexriver.com/choicy/assets/js/split-type.min.js]
[html.themexriver.com/choicy/assets/js/ScrollTrigger.min.js]
[html.themexriver.com/choicy/assets/js/odometer.min.js]
[html.themexriver.com/choicy/assets/js/magnific-popup.min.js]
[html.themexriver.com/choicy/assets/js/appear.min.js]
[html.themexriver.com/choicy/assets/js/main.js]
[html.themexriver.com/choicy/assets/fonts/flaticon_choicyc339.svg]
[html.themexriver.com/choicy/services-3.html]
[html.themexriver.com/choicy/services-details-2.html]
[html.themexriver.com/choicy/assets/js/four.html]
[html.themexriver.com/choicy/Version/index.html]
[html.themexriver.com/choicy/e.html]
[html.themexriver.com/choicy/t.params.html]
